// Jest Snapshot v1, https://goo.gl/fbAQLP

exports[`Home Page matches the snapshot 1`] = `
<DocumentFragment>
  <div
    class="sc-74d08598-0 jDxDJK"
    id="parallax"
  >
    <div
      class="sc-74d08598-1 iiQpzl"
    >
      <h1
        class="sc-74d08598-2 bThYiT"
      >
        The Company
      </h1>
    </div>
    <div
      class="sc-74d08598-3 gzbVnk"
    >
      <div
        class="sc-74d08598-4 hyFtMO"
      >
        Lorem ipsum dolor sit amet consectetur adipisicing elit. Tenetur, officiis. Illo assumenda velit ratione enim, quaerat inventore nostrum sequi vel nihil, tempore maxime ad. Quibusdam rerum ducimus voluptates provident sit?
      </div>
      <a
        href="/projects"
      >
        <button
          class="sc-990c1ae-0 czPovO"
        >
          Projekti
        </button>
      </a>
    </div>
    <div
      class="sc-74d08598-3 gzbVnk"
    >
      <div
        class="sc-74d08598-4 hyFtMO"
      >
        Lorem ipsum dolor sit amet consectetur adipisicing elit. Odit itaque dolorum minus quisquam sint sunt ad sit vero, eos repudiandae in doloribus est porro veniam enim fugiat ipsam laborum at?
      </div>
      <a
        href="/services"
      >
        <button
          class="sc-990c1ae-0 czPovO"
        >
          Pakalpojumi
        </button>
      </a>
    </div>
  </div>
</DocumentFragment>
`;
