// Jest Snapshot v1, https://goo.gl/fbAQLP

exports[`Services Page matches the snapshot without data 1`] = `
<DocumentFragment>
  <div
    class="sc-4bb96bce-0 hvClZS"
  >
    <h1
      class="sc-4bb96bce-1 fkdHKU"
    >
      A short description of types of services we offer to our clients
    </h1>
  </div>
</DocumentFragment>
`;
