// Jest Snapshot v1, https://goo.gl/fbAQLP

exports[`NotFound Page matches the snapshot 1`] = `
<DocumentFragment>
  .c0 {
  display: flex;
  align-items: center;
  justify-content: center;
  height: 60vh;
}

.c1 {
  font-size: 3rem;
  font-weight: bold;
}

<div
    class="c0"
  >
    <h1
      class="c1"
    >
      404
    </h1>
  </div>
</DocumentFragment>
`;
