// Jest Snapshot v1, https://goo.gl/fbAQLP

exports[`Contacts Page matches the snapshot 1`] = `
<DocumentFragment>
  <div
    class="sc-b7c06410-0 jskDjs"
  >
    <h2
      class="sc-b7c06410-1 gLjiBS"
    >
      Sazinieties ar mums!
    </h2>
    <form
      class="sc-d58b5085-0 crBvDy"
    >
      <input
        class="sc-d818ba39-0 eRbIoZ"
        id="name"
        placeholder="Vārds, uzvārds"
        required=""
        type="text"
        value=""
      />
      <input
        class="sc-d818ba39-0 eRbIoZ"
        id="email"
        placeholder="Epasts"
        required=""
        type="email"
        value=""
      />
      <input
        class="sc-d818ba39-0 eRbIoZ"
        id="phone"
        placeholder="Tālrunis"
        required=""
        type="tel"
        value=""
      />
      <textarea
        class="sc-7afd0231-0 fvmyhU"
        id="message"
        placeholder="Ievadiet ziņojumu"
        required=""
      />
      <button
        class="sc-47e554e4-0 bQNqoZ"
      >
        Sūtīt
      </button>
    </form>
    <div
      class="sc-ca49ea0e-0 kcJRji"
    >
      <p
        class="sc-ca49ea0e-1 cRdoJo"
      />
    </div>
  </div>
</DocumentFragment>
`;
