// Jest Snapshot v1, https://goo.gl/fbAQLP

exports[`Home Page matches the snapshot 1`] = `
<DocumentFragment>
  .c1 {
  height: 100vh;
}

.c2 {
  position: relative;
  height: 100vh;
}

.c0 {
  position: relative;
  width: 100%;
  height: 100%;
  -webkit-box-pack: center;
  -webkit-justify-content: center;
  -ms-flex-pack: center;
  justify-content: center;
  -webkit-align-items: center;
  -webkit-box-align: center;
  -ms-flex-align: center;
  align-items: center;
}

.c3 {
  position: absolute;
  top: 0;
  left: 0;
  width: 100%;
  height: 100%;
  display: -webkit-box;
  display: -webkit-flex;
  display: -ms-flexbox;
  display: flex;
  -webkit-flex-direction: column;
  -ms-flex-direction: column;
  flex-direction: column;
  -webkit-box-pack: center;
  -webkit-justify-content: center;
  -ms-flex-pack: center;
  justify-content: center;
  -webkit-align-items: center;
  -webkit-box-align: center;
  -ms-flex-align: center;
  align-items: center;
}

.c6 {
  margin: 4rem 0;
  text-align: center;
  min-height: 8rem;
  background-color: #ededed;
}

.c7 {
  font-size: 1.2rem;
  text-align: center;
}

.c5 {
  margin-top: 50vh;
  font-size: 4rem;
  text-align: center;
  color: #fff;
  text-transform: uppercase;
}

.c4 {
  display: -webkit-box;
  display: -webkit-flex;
  display: -ms-flexbox;
  display: flex;
  -webkit-align-items: center;
  -webkit-box-align: center;
  -ms-flex-align: center;
  align-items: center;
  -webkit-box-pack: center;
  -webkit-justify-content: center;
  -ms-flex-pack: center;
  justify-content: center;
  width: 100%;
  min-height: calc(100vh + 255px);
}

<div
    class="c0"
  >
    <div
      class="c1"
    >
      <div
        style="will-change: transform; transform: translateY(300px);"
      >
        <div
          class="c2"
        >
          <img
            alt="Background image"
            data-nimg="1"
            decoding="async"
            height="1080"
            loading="lazy"
            src="/_next/image?url=%2Fimg.jpg&w=3840&q=75"
            srcset="/_next/image?url=%2Fimg.jpg&w=1920&q=75 1x, /_next/image?url=%2Fimg.jpg&w=3840&q=75 2x"
            style="color: transparent;"
            width="1920"
          />
        </div>
      </div>
    </div>
    <div
      class="c3"
    >
      <div
        class="c4"
      >
        <h1
          class="c5"
        >
          The Company
        </h1>
      </div>
      <div
        class="c6"
      >
        <h1
          class=""
        >
          Section 1
        </h1>
        <div
          class="c7"
        >
          Lorem ipsum dolor sit amet consectetur adipisicing elit. Tenetur, officiis. Illo assumenda velit ratione enim, quaerat inventore nostrum sequi vel nihil, tempore maxime ad. Quibusdam rerum ducimus voluptates provident sit?
        </div>
      </div>
      <div
        class="c6"
      >
        <h1
          class=""
        >
          Section 2
        </h1>
        <div
          class="c7"
        >
          Lorem ipsum dolor sit amet consectetur adipisicing elit. Tenetur, officiis. Illo assumenda velit ratione enim, quaerat inventore nostrum sequi vel nihil, tempore maxime ad. Quibusdam rerum ducimus voluptates provident sit?
        </div>
      </div>
    </div>
  </div>
</DocumentFragment>
`;
