// Jest Snapshot v1, https://goo.gl/fbAQLP

exports[`Button component matches the snapshot for enabled state 1`] = `
<DocumentFragment>
  .c0 {
  padding: 0.5rem;
  min-width: 5rem;
  background-color: #21412a;
  color: #fff;
  border: none;
  font-size: 1rem;
  -webkit-transition: background-color 0.2s;
  transition: background-color 0.2s;
  cursor: pointer;
}

.c0:hover {
  background-color: #05ac05;
}

.c0:disabled {
  color: #696767;
  cursor: not-allowed;
}

<button
    class="c0"
  >
    Click me!
  </button>
</DocumentFragment>
`;
