// Jest Snapshot v1, https://jestjs.io/docs/snapshot-testing

exports[`ContactForm component matches the snapshot 1`] = `
<DocumentFragment>
  .c5 {
  padding: 0.65rem 1.2rem;
  min-width: 8.5rem;
  text-transform: uppercase;
  letter-spacing: 0.08rem;
  background-color: #21412a;
  color: #fff;
  border: 1px solid #21412a;
  font-size: 1rem;
  font-weight: 600;
  transition: background-color 0.2s ease,color 0.2s ease,transform 0.2s ease;
  cursor: pointer;
}

.c5:hover {
  transform: translateY(-1px);
  background-color: transparent;
  color: #21412a;
}

.c5:disabled {
  transform: none;
  background-color: rgba(33,65,42,0.35);
  border-color: rgba(33,65,42,0.28);
  color: #696767;
  cursor: not-allowed;
}

.c2 {
  width: 100%;
  min-height: 2.9rem;
  padding: 0.7rem 0.85rem;
  border: 1px solid rgba(57,65,47,0.24);
  background: rgba(255,255,255,0.88);
  font-size: 1rem;
  line-height: 1.4;
  outline: none;
  transition: border-color 0.18s ease,box-shadow 0.18s ease;
}

.c2:focus {
  border-color: #21412a;
  box-shadow: 0 0 0 3px rgba(33,65,42,0.12);
}

.c2 ::placeholder {
  color: rgba(57,65,47,0.6);
}

.c3 {
  width: 100%;
  min-height: 11rem;
  padding: 0.85rem;
  border: 1px solid rgba(57,65,47,0.24);
  background: rgba(255,255,255,0.88);
  font-size: 1rem;
  line-height: 1.55;
  resize: none;
  outline: none;
  transition: border-color 0.18s ease,box-shadow 0.18s ease;
}

.c3:focus {
  border-color: #21412a;
  box-shadow: 0 0 0 3px rgba(33,65,42,0.12);
}

.c3 ::placeholder {
  color: rgba(57,65,47,0.6);
}

.c0 {
  width: 100%;
  margin: 1.2rem auto 0;
  display: flex;
  flex-direction: column;
  gap: 0.75rem;
}

.c1 {
  display: grid;
  grid-template-columns: repeat(2,minmax(0,1fr));
  gap: 0.75rem;
}

.c4 {
  margin-top: 0.2rem;
}

.c6 {
  margin-top: 0.8rem;
  line-height: 1.55;
  font-size: 0.84rem;
  max-width: 60ch;
  color: #333;
}

@media (max-width:660px) {
  .c1 {
    grid-template-columns: 1fr;
  }
}

<form
    class="c0"
  >
    <div
      class="c1"
    >
      <input
        autocomplete="name"
        class="c2"
        id="name"
        placeholder="Vārds, uzvārds"
        required=""
        type="text"
        value=""
      />
      <input
        autocomplete="email"
        class="c2"
        id="email"
        placeholder="E-pasts"
        required=""
        type="email"
        value=""
      />
    </div>
    <input
      autocomplete="tel"
      class="c2"
      id="phone"
      placeholder="Tālrunis"
      required=""
      type="tel"
      value=""
    />
    <textarea
      class="c3"
      id="message"
      placeholder="Aprakstiet situaciju, velmes un aptuveno teritorijas apjomu"
      required=""
    />
    <div
      class="c4"
    >
      <button
        class="c5"
        type="submit"
      >
        Sūtīt
      </button>
      <p
        class="c6"
      >
        Nospiežot sūtīt, piekrīti datu izmantošanai, lai ar tevi sazinātos par pieprasījumu.
      </p>
    </div>
  </form>
  .c0 {
  display: none;
  justify-content: center;
  align-items: center;
  position: fixed;
  bottom: 1rem;
  left: 50%;
  transform: translateX(-50%);
  width: min(32rem,calc(100vw - 2rem));
  min-height: 3rem;
  padding: 0.55rem 0.85rem;
  background-color: #ff3333;
  color: #fff;
  border: 1px solid rgba(142, 32, 32, 0.65);
  box-shadow: 0 12px 28px rgba(0,0,0,0.2);
  z-index: 7;
}

.c1 {
  font-size: 0.95rem;
  line-height: 1.35;
  font-weight: 600;
  margin: 0;
  text-align: center;
}

@media (max-width:660px) {

}

<div
    class="c0"
  >
    <p
      class="c1"
    />
  </div>
</DocumentFragment>
`;
