// Jest Snapshot v1, https://jestjs.io/docs/snapshot-testing

exports[`Input component matches the snapshot 1`] = `
<DocumentFragment>
  .c2 {
  width: 100%;
  min-height: 2.9rem;
  padding: 0.75rem;
  border: 1px solid rgba(57, 65, 47, 0.10);
  border-radius: 0.25rem;
  background: rgba(255, 255, 255, 0.45);
  font-size: 1rem;
  line-height: 1.4;
  outline: none;
  transition: border-color 0.18s ease,box-shadow 0.18s ease;
}

.c2:focus {
  border-color: #2b5437;
  box-shadow: 0 0 0 3px rgba(43, 84, 55, 0.12);
}

.c2[aria-invalid='true'] {
  border-color: #ff3333;
  box-shadow: 0 0 0 3px rgba(142,32,32,0.16);
}

.c2 ::placeholder {
  color: #4d5846;
}

.c0 {
  display: flex;
  flex-direction: column;
  gap: 0.25rem;
}

.c1 {
  font-size: 0.84rem;
  text-transform: uppercase;
  letter-spacing: 0.06rem;
  color: #1f271d;
}

.c3 {
  min-height: 1.15rem;
  margin: 0;
  font-size: 0.75rem;
  color: #8e2020;
}

<div
    class="c0"
  >
    <label
      class="c1"
      for="email"
    >
      E-pasts
    </label>
    <input
      aria-invalid="false"
      class="c2"
      id="email"
      name="email"
      placeholder="E-pasts"
      type="email"
      value=""
    />
    <p
      class="c3"
    />
  </div>
</DocumentFragment>
`;
