// Jest Snapshot v1, https://jestjs.io/docs/snapshot-testing

exports[`Navigation component matches the snapshot 1`] = `
<DocumentFragment>
  .c7 {
  display: flex;
  flex-direction: row;
  align-items: center;
  gap: 0.25rem;
  list-style: none;
  margin: 0;
  padding: 0;
}

.c8 {
  display: flex;
}

.c9 {
  display: flex;
  align-items: center;
  justify-content: center;
  width: auto;
  font-size: 0.92rem;
  letter-spacing: 0.04rem;
  color: #2b5437;
  text-transform: uppercase;
  min-height: 2.35rem;
  padding: 0.5rem 0.75rem;
  white-space: nowrap;
  border-radius: 0.25rem;
  border: 1px solid rgba(43, 84, 55, 0.22);
  background: rgba(43, 84, 55, 0.09);
  transition: color 0.2s ease,background-color 0.2s ease,border-color 0.2s ease,transform 0.2s ease;
}

.c9:hover {
  color: #2b5437;
  border-color: rgba(43, 84, 55, 0.22);
  background: rgba(43, 84, 55, 0.08);
  transform: translateY(-1px);
}

.c9:focus-visible {
  outline: 2px solid rgba(43, 84, 55, 0.22);
  outline-offset: 2px;
}

.c10 {
  display: flex;
  align-items: center;
  justify-content: center;
  width: auto;
  font-size: 0.92rem;
  letter-spacing: 0.04rem;
  color: #1f271d;
  text-transform: uppercase;
  min-height: 2.35rem;
  padding: 0.5rem 0.75rem;
  white-space: nowrap;
  border-radius: 0.25rem;
  border: 1px solid transparent;
  background: transparent;
  transition: color 0.2s ease,background-color 0.2s ease,border-color 0.2s ease,transform 0.2s ease;
}

.c10:hover {
  color: #2b5437;
  border-color: rgba(43, 84, 55, 0.22);
  background: rgba(43, 84, 55, 0.08);
  transform: translateY(-1px);
}

.c10:focus-visible {
  outline: 2px solid rgba(43, 84, 55, 0.22);
  outline-offset: 2px;
}

.c6 {
  display: flex;
  align-items: center;
  justify-content: flex-end;
  flex: 1;
}

.c0 {
  display: flex;
  flex-direction: column;
  justify-content: center;
  align-items: center;
  width: 100%;
  background: linear-gradient(180deg, rgba(255, 255, 255, 0.96) 0%, rgba(249, 249, 246, 0.94) 100%);
  backdrop-filter: blur(14px);
  border-bottom: 1px solid rgba(57, 65, 47, 0.10);
  z-index: 6;
  position: sticky;
  top: 0;
  transform: translateY(0);
  transition: transform 0.3s cubic-bezier(0.2, 0, 0, 1);
}

.c1 {
  display: flex;
  align-items: center;
  justify-content: space-between;
  gap: 1rem;
  width: 100%;
  max-width: 75rem;
  padding: 0.75rem 1rem;
}

.c2 {
  display: flex;
  align-items: center;
}

.c4 {
  width: 120px;
  height: auto;
  flex-shrink: 0;
}

.c3 {
  display: flex;
  align-items: center;
  gap: 0.5rem;
  height: 100%;
}

.c5 {
  font-size: 0.74rem;
  letter-spacing: 0.16rem;
  color: #4d5846;
  text-transform: uppercase;
  white-space: nowrap;
}

@media (max-width:480px) {
  .c5 {
    display: none;
  }
}

<div
    class="c0"
  >
    <header
      class="c1"
    >
      <div
        class="c2"
      >
        <a
          class="c3"
          href="/"
        >
          <img
            alt="logo"
            class="c4"
            decoding="async"
            height="70"
            src="/img.jpg"
            width="120"
          />
          <span
            class="c5"
          >
            B R A S I K A
          </span>
        </a>
      </div>
      <nav
        class="c6"
      >
        <ul
          class="c7"
        >
          <li
            class="c8"
          >
            <a
              aria-current="page"
              class="c9"
              href="/"
            >
              Sākums
            </a>
          </li>
          <li
            class="c8"
          >
            <a
              class="c10"
              href="/services"
            >
              Pakalpojumi
            </a>
          </li>
          <li
            class="c8"
          >
            <a
              class="c10"
              href="/projects"
            >
              Projekti
            </a>
          </li>
          <li
            class="c8"
          >
            <a
              class="c10"
              href="/about"
            >
              Par mums
            </a>
          </li>
          <li
            class="c8"
          >
            <a
              class="c10"
              href="/contacts"
            >
              Kontakti
            </a>
          </li>
        </ul>
      </nav>
    </header>
  </div>
</DocumentFragment>
`;
