// Jest Snapshot v1, https://jestjs.io/docs/snapshot-testing

exports[`SquareButton component matches the snapshot 1`] = `
<DocumentFragment>
  .c0 {
  display: inline-flex;
  align-items: center;
  justify-content: center;
  text-transform: uppercase;
  font-weight: 600;
  border: 1px solid;
  border-radius: 999px;
  transition: transform 0.2s ease,box-shadow 0.2s ease,background-color 0.2s ease,color 0.2s ease,border-color 0.2s ease;
  padding: 0.75rem 1.2rem;
  font-size: 0.84rem;
  letter-spacing: 0.07rem;
  background: transparent;
  border-color: rgba(43, 84, 55, 0.38);
  color: #2b5437;
}

.c0:hover {
  transform: translateY(-1px);
  background: rgba(43, 84, 55, 0.08);
}

.c0:focus-visible {
  outline: 2px solid rgba(43, 84, 55, 0.22);
  outline-offset: 2px;
}

.c1 {
  min-width: 9rem;
  min-height: 3rem;
  font-weight: 600;
  font-size: 1rem;
  letter-spacing: 0.04rem;
  box-shadow: 0 4px 16px rgba(0, 0, 0, 0.05);
}

<a
    class="c0 c1"
    href="/services"
  >
    podziņa
  </a>
</DocumentFragment>
`;
