// Jest Snapshot v1, https://jestjs.io/docs/snapshot-testing

exports[`Footer Component matches the snapshot 1`] = `
<DocumentFragment>
  .c12 {
  display: inline-flex;
  align-items: center;
  justify-content: center;
  text-transform: uppercase;
  font-weight: 600;
  border: 1px solid;
  border-radius: 0.15rem;
  transition: transform 0.2s ease,box-shadow 0.2s ease,background-color 0.2s ease,color 0.2s ease,border-color 0.2s ease;
  padding: 0.75rem 1.2rem;
  font-size: 0.84rem;
  letter-spacing: 0.07rem;
  background: transparent;
  border-color: rgba(255, 255, 255, 0.6);
  color: #fff;
}

.c12:hover {
  background: #fff;
  color: #21412a;
}

.c12:focus-visible {
  outline: 2px solid rgba(33, 65, 42, 0.34);
  outline-offset: 2px;
}

.c1 {
  width: 100%;
  max-width: min(75rem, 96vw);
  margin-inline: auto;
}

.c0 {
  display: flex;
  flex-direction: column;
  align-items: center;
  width: 100%;
  margin: 0;
  padding-top: 2rem;
  background: radial-gradient(circle at 10% 0%, rgba(255, 255, 255, 0.08), transparent 32%),linear-gradient(160deg, #1d3d29 0%, #142d1f 100%);
  z-index: 6;
}

.c2 {
  display: grid;
  grid-template-columns: minmax(0,1.1fr) minmax(0,0.85fr) minmax(0,1fr);
  gap: 1rem;
  padding-bottom: 2rem;
}

.c3 {
  padding-right: 1rem;
}

.c4 {
  text-transform: uppercase;
  letter-spacing: 0.12rem;
  font-size: clamp(1.08rem, 2.3vw, 1.6rem);
  color: #ffffff;
}

.c5 {
  margin-top: 0.75rem;
  max-width: 40ch;
  line-height: 1.7;
  color: rgba(255, 255, 255, 0.88);
}

.c6 {
  display: grid;
  align-content: start;
  gap: 0.25rem;
}

.c7 {
  text-transform: uppercase;
  letter-spacing: 0.12rem;
  font-size: 0.76rem;
  color: rgba(255, 255, 255, 0.9);
  margin-bottom: 0.25rem;
}

.c8 {
  width: fit-content;
  text-transform: uppercase;
  letter-spacing: 0.06rem;
  font-size: 0.82rem;
  color: rgba(255, 255, 255, 0.94);
  border-bottom: 1px solid transparent;
  transition: color 0.2s ease,border-color 0.2s ease;
}

.c8:hover {
  color: #fff;
  border-color: rgba(255, 255, 255, 0.6);
}

.c9 {
  border: 1px solid rgba(255, 255, 255, 0.22);
  background: rgba(12, 25, 18, 0.3);
  padding: 1rem 1rem;
}

.c10 {
  text-transform: uppercase;
  letter-spacing: 0.06rem;
  font-size: 1rem;
  color: #ffffff;
}

.c11 {
  margin-top: 0.5rem;
  line-height: 1.65;
  color: rgba(255, 255, 255, 0.88);
}

.c13 {
  margin-top: 0.75rem;
}

.c14 {
  width: 100%;
  border-top: 1px solid rgba(255, 255, 255, 0.14);
  padding: 0.75rem 1rem 1rem;
}

.c15 {
  width: 100%;
  color: rgba(255, 255, 255, 0.78);
  font-size: 0.82rem;
  letter-spacing: 0.03rem;
}

@media (max-width:980px) {
  .c2 {
    grid-template-columns: 1fr;
  }
}

<footer
    class="c0"
  >
    <section
      class="c1 c2"
    >
      <section
        class="c3"
      >
        <h2
          class="c4"
        >
          Brasika
        </h2>
        <p
          class="c5"
        >
          Ainavu darbi, kur funkcionalitate un estetika strada kopa ilgtermina.
        </p>
      </section>
      <nav
        class="c6"
      >
        <p
          class="c7"
        >
          Lapas
        </p>
        <a
          class="c8"
          href="/services"
        >
          Pakalpojumi
        </a>
        <a
          class="c8"
          href="/projects"
        >
          Projekti
        </a>
        <a
          class="c8"
          href="/about"
        >
          Par mums
        </a>
        <a
          class="c8"
          href="/contacts"
        >
          Kontakti
        </a>
      </nav>
      <section
        class="c9"
      >
        <h3
          class="c10"
        >
          Sac savu projektu
        </h3>
        <p
          class="0 c11"
        >
          Uzraksti mums, un sakartosim nakamo soli tavai teritorijai.
        </p>
        <a
          class="1 c12 c13"
          href="/contacts"
        >
          Sazinaties
        </a>
      </section>
    </section>
    <div
      class="2 c14"
    >
      <section
        class="c1"
      >
        <p
          class="4 c15"
        >
          Copyright 2026 Brasika
        </p>
      </section>
    </div>
  </footer>
</DocumentFragment>
`;
