// Jest Snapshot v1, https://jestjs.io/docs/snapshot-testing

exports[`ImageContainer component matches the snapshot 1`] = `
<DocumentFragment>
  .c0 {
  display: grid;
  grid-template-columns: repeat(auto-fit,minmax(16rem,1fr));
  width: 100%;
  gap: 1.35rem;
  justify-content: center;
  margin-top: 2rem;
}

.c2 {
  object-fit: cover;
}

.c1 {
  position: relative;
  width: 100%;
  padding-top: 66%;
  overflow: hidden;
  cursor: default;
}

@media (hover:hover) {
  .c1 {
    cursor: zoom-in;
  }
}

<div
    class="c0"
  >
    <div
      class="c1"
    >
      <img
        alt="project image"
        class="c2"
        sizes="(max-width: 768px) 94vw, (max-width: 1280px) 46vw, 31vw"
        src="https://images.ctfassets.net/sandie-clarke-q13Zq1Jufks-unsplash.jpg"
      />
    </div>
    <div
      class="c1"
    >
      <img
        alt="project image"
        class="c2"
        sizes="(max-width: 768px) 94vw, (max-width: 1280px) 46vw, 31vw"
        src="https://images.ctfassets.net/sandie-clarke-q13Zq1Jufks-unsplash.jpg"
      />
    </div>
  </div>
</DocumentFragment>
`;
