// Jest Snapshot v1, https://jestjs.io/docs/snapshot-testing

exports[`Layout component matches the snapshot 1`] = `
<DocumentFragment>
  .c25 {
  display: inline-flex;
  align-items: center;
  justify-content: center;
  text-transform: uppercase;
  font-weight: 600;
  border: 1px solid;
  border-radius: 999px;
  transition: transform 0.2s ease,box-shadow 0.2s ease,background-color 0.2s ease,color 0.2s ease,border-color 0.2s ease;
  padding: 0.75rem 1.2rem;
  font-size: 0.84rem;
  letter-spacing: 0.07rem;
  background: transparent;
  border-color: rgba(255, 255, 255, 0.6);
  color: #fff;
}

.c25:hover {
  background: #fff;
  color: #2b5437;
}

.c25:focus-visible {
  outline: 2px solid rgba(43, 84, 55, 0.22);
  outline-offset: 2px;
}

.c14 {
  width: 100%;
  max-width: min(75rem, 96vw);
  margin-inline: auto;
}

.c13 {
  display: flex;
  flex-direction: column;
  align-items: center;
  width: 100%;
  margin: 0;
  padding-top: 2rem;
  background: radial-gradient(circle at 10% 0%, rgba(255, 255, 255, 0.08), transparent 32%),linear-gradient(160deg, #1d3d29 0%, #142d1f 100%);
  z-index: 6;
}

.c15 {
  display: grid;
  grid-template-columns: minmax(0,1.1fr) minmax(0,0.85fr) minmax(0,1fr);
  gap: 1rem;
  padding-bottom: 2rem;
}

.c16 {
  padding-right: 1rem;
}

.c17 {
  text-transform: uppercase;
  letter-spacing: 0.12rem;
  font-size: clamp(1.15rem, 2.4vw, 1.75rem);
  color: #ffffff;
}

.c18 {
  margin-top: 0.75rem;
  max-width: 40ch;
  line-height: 1.7;
  color: rgba(255, 255, 255, 0.88);
}

.c19 {
  display: grid;
  align-content: start;
  gap: 0.25rem;
}

.c20 {
  text-transform: uppercase;
  letter-spacing: 0.12rem;
  font-size: 0.74rem;
  color: rgba(255, 255, 255, 0.9);
  margin-bottom: 0.25rem;
}

.c21 {
  width: fit-content;
  text-transform: uppercase;
  letter-spacing: 0.06rem;
  font-size: 0.82rem;
  color: rgba(255, 255, 255, 0.94);
  border-bottom: 1px solid transparent;
  transition: color 0.2s ease,border-color 0.2s ease;
}

.c21:hover {
  color: #fff;
  border-color: rgba(255, 255, 255, 0.6);
}

.c22 {
  border: 1px solid rgba(255, 255, 255, 0.22);
  border-radius: 0.85rem;
  background: rgba(12, 25, 18, 0.3);
  padding: 1.5rem 1rem;
}

.c23 {
  text-transform: uppercase;
  letter-spacing: 0.06rem;
  font-size: 1rem;
  color: #ffffff;
}

.c24 {
  margin-top: 0.5rem;
  line-height: 1.65;
  color: rgba(255, 255, 255, 0.88);
}

.c26 {
  margin-top: 0.75rem;
}

.c27 {
  width: 100%;
  border-top: 1px solid rgba(255, 255, 255, 0.14);
  padding: 0.75rem 1rem 1rem;
}

.c28 {
  width: 100%;
  color: rgba(255, 255, 255, 0.78);
  font-size: 0.82rem;
  letter-spacing: 0.03rem;
}

.c8 {
  display: flex;
  flex-direction: row;
  align-items: center;
  gap: 0.25rem;
  list-style: none;
  margin: 0;
  padding: 0;
}

.c9 {
  display: flex;
}

.c10 {
  display: flex;
  align-items: center;
  justify-content: center;
  width: auto;
  font-size: 0.92rem;
  letter-spacing: 0.04rem;
  color: #2b5437;
  text-transform: uppercase;
  min-height: 2.35rem;
  padding: 0.5rem 0.75rem;
  white-space: nowrap;
  border-radius: 0.25rem;
  border: 1px solid rgba(43, 84, 55, 0.22);
  background: rgba(43, 84, 55, 0.09);
  transition: color 0.2s ease,background-color 0.2s ease,border-color 0.2s ease,transform 0.2s ease;
}

.c10:hover {
  color: #2b5437;
  border-color: rgba(43, 84, 55, 0.22);
  background: rgba(43, 84, 55, 0.08);
  transform: translateY(-1px);
}

.c10:focus-visible {
  outline: 2px solid rgba(43, 84, 55, 0.22);
  outline-offset: 2px;
}

.c11 {
  display: flex;
  align-items: center;
  justify-content: center;
  width: auto;
  font-size: 0.92rem;
  letter-spacing: 0.04rem;
  color: #1f271d;
  text-transform: uppercase;
  min-height: 2.35rem;
  padding: 0.5rem 0.75rem;
  white-space: nowrap;
  border-radius: 0.25rem;
  border: 1px solid transparent;
  background: transparent;
  transition: color 0.2s ease,background-color 0.2s ease,border-color 0.2s ease,transform 0.2s ease;
}

.c11:hover {
  color: #2b5437;
  border-color: rgba(43, 84, 55, 0.22);
  background: rgba(43, 84, 55, 0.08);
  transform: translateY(-1px);
}

.c11:focus-visible {
  outline: 2px solid rgba(43, 84, 55, 0.22);
  outline-offset: 2px;
}

.c7 {
  display: flex;
  align-items: center;
  justify-content: flex-end;
  flex: 1;
}

.c1 {
  display: flex;
  flex-direction: column;
  justify-content: center;
  align-items: center;
  width: 100%;
  background: linear-gradient(180deg, rgba(255, 255, 255, 0.96) 0%, rgba(249, 249, 246, 0.94) 100%);
  backdrop-filter: blur(14px);
  border-bottom: 1px solid rgba(57, 65, 47, 0.10);
  z-index: 6;
  position: sticky;
  top: 0;
  transform: translateY(0);
  transition: transform 0.3s cubic-bezier(0.2, 0, 0, 1);
}

.c2 {
  display: flex;
  align-items: center;
  justify-content: space-between;
  gap: 1rem;
  width: 100%;
  max-width: 75rem;
  padding: 0.75rem 1rem;
}

.c3 {
  display: flex;
  align-items: center;
}

.c5 {
  width: 120px;
  height: auto;
  flex-shrink: 0;
}

.c4 {
  display: flex;
  align-items: center;
  gap: 0.5rem;
  height: 100%;
}

.c6 {
  font-size: 0.74rem;
  letter-spacing: 0.16rem;
  color: #4d5846;
  text-transform: uppercase;
  white-space: nowrap;
}

.c0 {
  display: flex;
  flex-direction: column;
  min-height: 100vh;
  width: 100%;
  align-items: center;
  justify-content: flex-start;
  background-color: #f3f3ef;
}

.c12 {
  display: flex;
  flex: 1;
  width: 100%;
  justify-content: center;
}

@media (max-width:980px) {
  .c15 {
    grid-template-columns: 1fr;
  }
}

@media (max-width:480px) {
  .c6 {
    display: none;
  }
}

<div
    class="c0"
  >
    <div
      class="c1"
    >
      <header
        class="c2"
      >
        <div
          class="c3"
        >
          <a
            class="c4"
            href="/"
          >
            <img
              alt="logo"
              class="c5"
              decoding="async"
              height="70"
              src="/img.jpg"
              width="120"
            />
            <span
              class="c6"
            >
              B R A S I K A
            </span>
          </a>
        </div>
        <nav
          class="c7"
        >
          <ul
            class="c8"
          >
            <li
              class="c9"
            >
              <a
                aria-current="page"
                class="c10"
                href="/"
              >
                Sākums
              </a>
            </li>
            <li
              class="c9"
            >
              <a
                class="c11"
                href="/services"
              >
                Pakalpojumi
              </a>
            </li>
            <li
              class="c9"
            >
              <a
                class="c11"
                href="/projects"
              >
                Projekti
              </a>
            </li>
            <li
              class="c9"
            >
              <a
                class="c11"
                href="/about"
              >
                Par mums
              </a>
            </li>
            <li
              class="c9"
            >
              <a
                class="c11"
                href="/contacts"
              >
                Kontakti
              </a>
            </li>
          </ul>
        </nav>
      </header>
    </div>
    <div
      class="c12"
    >
      <div>
        Would you test me? Id test me.
      </div>
    </div>
    <footer
      class="c13"
    >
      <section
        class="c14 c15"
      >
        <section
          class="c16"
        >
          <h2
            class="c17"
          >
            Brasika
          </h2>
          <p
            class="c18"
          >
            Ainavu darbi, kur funkcionalitate un estetika strada kopa ilgtermina.
          </p>
        </section>
        <nav
          class="c19"
        >
          <p
            class="c20"
          >
            Lapas
          </p>
          <a
            class="c21"
            href="/services"
          >
            Pakalpojumi
          </a>
          <a
            class="c21"
            href="/projects"
          >
            Projekti
          </a>
          <a
            class="c21"
            href="/about"
          >
            Par mums
          </a>
          <a
            class="c21"
            href="/contacts"
          >
            Kontakti
          </a>
        </nav>
        <section
          class="c22"
        >
          <h3
            class="c23"
          >
            Sac savu projektu
          </h3>
          <p
            class="0 c24"
          >
            Uzraksti mums, un sakartosim nakamo soli tavai teritorijai.
          </p>
          <a
            class="1 c25 c26"
            href="/contacts"
          >
            Sazinaties
          </a>
        </section>
      </section>
      <div
        class="2 c27"
      >
        <section
          class="c14"
        >
          <p
            class="4 c28"
          >
            Copyright 2026 Brasika
          </p>
        </section>
      </div>
    </footer>
  </div>
</DocumentFragment>
`;
