// Jest Snapshot v1, https://goo.gl/fbAQLP

exports[`Layout component matches the snapshot 1`] = `
<DocumentFragment>
  .c7 {
  min-width: 9rem;
  height: 3rem;
  padding: 0 1rem;
  text-transform: uppercase;
  font-weight: 600;
  font-size: 1rem;
  -webkit-transition: all 0.2s ease-in-out;
  transition: all 0.2s ease-in-out;
  cursor: pointer;
  background-color: #21412a;
  border: 2px solid #ededed;
  color: #ededed;
}

.c7:hover {
  background-color: #ededed;
  border-color: #21412a;
  color: #21412a;
}

.c6 {
  display: -webkit-box;
  display: -webkit-flex;
  display: -ms-flexbox;
  display: flex;
  -webkit-flex-direction: column;
  -ms-flex-direction: column;
  flex-direction: column;
  width: 100%;
  height: 15rem;
  -webkit-box-pack: center;
  -webkit-justify-content: center;
  -ms-flex-pack: center;
  justify-content: center;
  -webkit-align-items: center;
  -webkit-box-align: center;
  -ms-flex-align: center;
  align-items: center;
  margin: auto 0 0;
  padding-top: 5rem;
  background-color: #21412a;
  z-index: 2;
}

.c8 {
  color: #fff;
  margin-bottom: 1rem;
  margin-top: auto;
}

.c4 {
  display: -webkit-box;
  display: -webkit-flex;
  display: -ms-flexbox;
  display: flex;
  -webkit-align-items: center;
  -webkit-box-align: center;
  -ms-flex-align: center;
  align-items: center;
  font-size: 1rem;
  color: #1a1a1a;
  text-transform: uppercase;
  height: 4rem;
  padding: 0 1rem;
  white-space: nowrap;
  -webkit-transition: color 0.3s ease-in-out;
  transition: color 0.3s ease-in-out;
}

.c4:hover {
  color: #696767;
}

.c3 {
  display: -webkit-box;
  display: -webkit-flex;
  display: -ms-flexbox;
  display: flex;
  -webkit-box-pack: space-around;
  -webkit-justify-content: space-around;
  -ms-flex-pack: space-around;
  justify-content: space-around;
  width: 100%;
  height: 100%;
  max-width: 48rem;
}

.c1 {
  display: -webkit-box;
  display: -webkit-flex;
  display: -ms-flexbox;
  display: flex;
  -webkit-flex-direction: column;
  -ms-flex-direction: column;
  flex-direction: column;
  -webkit-box-pack: center;
  -webkit-justify-content: center;
  -ms-flex-pack: center;
  justify-content: center;
  -webkit-align-items: center;
  -webkit-box-align: center;
  -ms-flex-align: center;
  align-items: center;
  width: 100%;
  background-color: #ededed;
  z-index: 1;
}

.c2 {
  display: -webkit-box;
  display: -webkit-flex;
  display: -ms-flexbox;
  display: flex;
  -webkit-flex-direction: column;
  -ms-flex-direction: column;
  flex-direction: column;
  -webkit-box-pack: justify;
  -webkit-justify-content: space-between;
  -ms-flex-pack: justify;
  justify-content: space-between;
  width: 100%;
  max-width: 48rem;
}

.c0 {
  display: -webkit-box;
  display: -webkit-flex;
  display: -ms-flexbox;
  display: flex;
  -webkit-flex-direction: column;
  -ms-flex-direction: column;
  flex-direction: column;
  min-height: 100vh;
  width: 100%;
  -webkit-align-items: center;
  -webkit-box-align: center;
  -ms-flex-align: center;
  align-items: center;
  -webkit-box-pack: center;
  -webkit-justify-content: center;
  -ms-flex-pack: center;
  justify-content: center;
  background-color: #ededed;
}

.c5 {
  display: -webkit-box;
  display: -webkit-flex;
  display: -ms-flexbox;
  display: flex;
  width: 100%;
  -webkit-box-pack: center;
  -webkit-justify-content: center;
  -ms-flex-pack: center;
  justify-content: center;
  margin-bottom: 5rem;
}

<div
    class="c0"
  >
    <div
      class="c1"
    >
      <header
        class="c2"
      >
        <nav
          class="c3"
        >
          <a
            class="c4"
            href="/"
          >
            Sākums
          </a>
          <a
            class="c4"
            href="/services"
          >
            Pakalpojumi
          </a>
          <a
            class="c4"
            href="/projects"
          >
            Projekti
          </a>
          <a
            class="c4"
            href="/about"
          >
            Par mums
          </a>
          <a
            class="c4"
            href="/contacts"
          >
            Kontakti
          </a>
        </nav>
      </header>
    </div>
    <div
      class="c5"
    >
      <div>
        Would you test me? Id test me.
      </div>
    </div>
    <footer
      class="c6"
    >
      <a
        href="/contacts"
      >
        <button
          class="c7"
        >
          Sazināties
        </button>
      </a>
      <p
        class="c8"
      >
        Copyright 2023 Hackerman
      </p>
    </footer>
  </div>
</DocumentFragment>
`;
