// Jest Snapshot v1, https://jestjs.io/docs/snapshot-testing

exports[`ServiceCard renders correctly 1`] = `
<DocumentFragment>
  .c0 {
  border: none;
  height: 1px;
  background-color: #1a1a1a;
  margin: 1rem 0;
  width: 100%;
}

@media (max-width:768px) {

}

@media (max-width:768px) {

}

<hr
    class="c0"
  />
  .c0 {
  display: flex;
  justify-content: center;
  width: 100%;
  margin: 0 auto;
  text-align: center;
}

.c4 {
  font-size: clamp( 1.2rem,2vw,1.5rem );
  font-weight: 400;
  margin: auto;
}

.c2 {
  max-width: 40%;
  height: auto;
}

.c1 {
  display: flex;
  flex-direction: row;
  align-items: center;
  width: 100%;
}

.c5 {
  margin: 10px 20px;
  font-size: clamp( 1rem,0.8vw,1.2rem );
}

.c3 {
  width: 100%;
}

@media (max-width:768px) {
  .c2 {
    max-width: 100%;
    margin: 0 1rem 2rem;
  }
}

@media (max-width:768px) {
  .c1 {
    flex-direction: column;
  }
}

<div
    class="c0"
  >
    <a
      class="c1"
      href="/services/service"
    >
      <img
        alt="cover-image"
        class="c2"
        data-nimg="1"
        decoding="async"
        height="270"
        loading="lazy"
        src="/_next/image?url=https%3A%2F%2Fimages.ctfassets.net%2Fsandie-clarke-q13Zq1Jufks-unsplash.jpg&w=1080&q=75"
        srcset="/_next/image?url=https%3A%2F%2Fimages.ctfassets.net%2Fsandie-clarke-q13Zq1Jufks-unsplash.jpg&w=640&q=75 1x, /_next/image?url=https%3A%2F%2Fimages.ctfassets.net%2Fsandie-clarke-q13Zq1Jufks-unsplash.jpg&w=1080&q=75 2x"
        style="color: transparent;"
        width="480"
      />
      <div
        class="c3"
      >
        <h2
          class="c4"
        >
          Service
        </h2>
        <p
          class="c5"
        >
          service
        </p>
      </div>
    </a>
  </div>
</DocumentFragment>
`;
