// Jest Snapshot v1, https://goo.gl/fbAQLP

exports[`SplashScreen component matches the snapshot 1`] = `
<DocumentFragment>
  .c0 {
  position: fixed;
  top: 0;
  left: 0;
  right: 0;
  bottom: 0;
  display: -webkit-box;
  display: -webkit-flex;
  display: -ms-flexbox;
  display: flex;
  -webkit-align-items: center;
  -webkit-box-align: center;
  -ms-flex-align: center;
  align-items: center;
  -webkit-box-pack: center;
  -webkit-justify-content: center;
  -ms-flex-pack: center;
  justify-content: center;
  background-color: #ededed;
  z-index: 6;
}

<div
    class="c0"
  >
    <h1>
      Loading, be patient pls!
    </h1>
  </div>
</DocumentFragment>
`;
