// Jest Snapshot v1, https://jestjs.io/docs/snapshot-testing

exports[`ZoomedImage component matches the snapshot 1`] = `
<DocumentFragment>
  .c5 {
  object-fit: contain;
  width: 100%;
  height: 100%;
}

.c4 {
  display: flex;
  align-items: center;
  justify-content: center;
  width: calc(100% - 140px);
  height: auto;
  max-height: 100%;
  aspect-ratio: NaN;
}

.c0 {
  position: fixed;
  top: 0;
  left: 0;
  width: 100%;
  height: 100%;
  background: rgba(255, 255, 255, 0.84);
  display: flex;
  align-items: center;
  justify-content: center;
  padding: 1rem;
  z-index: 7;
}

.c3 {
  position: absolute;
  z-index: 8;
  top: 50%;
  color: #1a1a1a;
  background: transparent;
  border: none;
  font-size: 3rem;
  font-weight: 600;
  transform: translateY(-50%);
  cursor: pointer;
}

.c3[disabled] {
  color: #ccc;
  cursor: default;
}

.c3 ::selection {
  background: none;
}

.c1 {
  position: absolute;
  top: 0;
  bottom: 0;
  width: 70px;
  display: flex;
  justify-content: center;
  cursor: default;
  background: transparent;
}

.c1:hover {
  background: transparent;
}

.c6 {
  position: absolute;
  top: 0;
  bottom: 0;
  width: 70px;
  display: flex;
  justify-content: center;
  cursor: pointer;
  background: rgba(200, 200, 200, 0.3);
}

.c6:hover {
  background: rgba(200, 200, 200, 0.6);
}

.c2 {
  left: 0;
}

.c7 {
  right: 0;
}

<div
    class="c0"
  >
    <div
      class="c1 c2"
    >
      <button
        class="c3"
        disabled=""
      >
        ‹
      </button>
    </div>
    <div
      class="c4"
    >
      <img
        alt="meow"
        class="c5"
        height="0"
        sizes="(max-width: 768px) calc(100vw - 2rem), calc(100vw - 140px)"
        src="https://meow.com"
        width="0"
      />
    </div>
    <div
      class="c6 c7"
    >
      <button
        class="c3"
      >
        ›
      </button>
    </div>
  </div>
</DocumentFragment>
`;
